Archive member included to satisfy reference by file (symbol)

d:/hcmut/vxl/stm32cubeide_1.7.0/stm32cubeide/plugins/com.st.stm32cube.ide.mcu.externaltools.gnu-tools-for-stm32.9-2020-q2-update.win32_2.0.0.202105311346/tools/bin/../lib/gcc/arm-none-eabi/9.3.1/../../../../arm-none-eabi/lib/thumb/v7-m/nofp\libc_nano.a(lib_a-errno.o)
                              ./Core/Src/syscalls.o (__errno)
d:/hcmut/vxl/stm32cubeide_1.7.0/stm32cubeide/plugins/com.st.stm32cube.ide.mcu.externaltools.gnu-tools-for-stm32.9-2020-q2-update.win32_2.0.0.202105311346/tools/bin/../lib/gcc/arm-none-eabi/9.3.1/../../../../arm-none-eabi/lib/thumb/v7-m/nofp\libc_nano.a(lib_a-exit.o)
                              d:/hcmut/vxl/stm32cubeide_1.7.0/stm32cubeide/plugins/com.st.stm32cube.ide.mcu.externaltools.gnu-tools-for-stm32.9-2020-q2-update.win32_2.0.0.202105311346/tools/bin/../lib/gcc/arm-none-eabi/9.3.1/../../../../arm-none-eabi/lib/thumb/v7-m/nofp/crt0.o (exit)
d:/hcmut/vxl/stm32cubeide_1.7.0/stm32cubeide/plugins/com.st.stm32cube.ide.mcu.externaltools.gnu-tools-for-stm32.9-2020-q2-update.win32_2.0.0.202105311346/tools/bin/../lib/gcc/arm-none-eabi/9.3.1/../../../../arm-none-eabi/lib/thumb/v7-m/nofp\libc_nano.a(lib_a-impure.o)
                              d:/hcmut/vxl/stm32cubeide_1.7.0/stm32cubeide/plugins/com.st.stm32cube.ide.mcu.externaltools.gnu-tools-for-stm32.9-2020-q2-update.win32_2.0.0.202105311346/tools/bin/../lib/gcc/arm-none-eabi/9.3.1/../../../../arm-none-eabi/lib/thumb/v7-m/nofp\libc_nano.a(lib_a-exit.o) (_global_impure_ptr)
d:/hcmut/vxl/stm32cubeide_1.7.0/stm32cubeide/plugins/com.st.stm32cube.ide.mcu.externaltools.gnu-tools-for-stm32.9-2020-q2-update.win32_2.0.0.202105311346/tools/bin/../lib/gcc/arm-none-eabi/9.3.1/../../../../arm-none-eabi/lib/thumb/v7-m/nofp\libc_nano.a(lib_a-init.o)
                              d:/hcmut/vxl/stm32cubeide_1.7.0/stm32cubeide/plugins/com.st.stm32cube.ide.mcu.externaltools.gnu-tools-for-stm32.9-2020-q2-update.win32_2.0.0.202105311346/tools/bin/../lib/gcc/arm-none-eabi/9.3.1/../../../../arm-none-eabi/lib/thumb/v7-m/nofp/crt0.o (__libc_init_array)
d:/hcmut/vxl/stm32cubeide_1.7.0/stm32cubeide/plugins/com.st.stm32cube.ide.mcu.externaltools.gnu-tools-for-stm32.9-2020-q2-update.win32_2.0.0.202105311346/tools/bin/../lib/gcc/arm-none-eabi/9.3.1/../../../../arm-none-eabi/lib/thumb/v7-m/nofp\libc_nano.a(lib_a-memset.o)
                              d:/hcmut/vxl/stm32cubeide_1.7.0/stm32cubeide/plugins/com.st.stm32cube.ide.mcu.externaltools.gnu-tools-for-stm32.9-2020-q2-update.win32_2.0.0.202105311346/tools/bin/../lib/gcc/arm-none-eabi/9.3.1/../../../../arm-none-eabi/lib/thumb/v7-m/nofp/crt0.o (memset)

Allocating common symbols
Common symbol       size              file

timer_counter       0xc               ./Core/Src/software_timer.o
uwTick              0x4               ./Drivers/STM32F1xx_HAL_Driver/Src/stm32f1xx_hal.o
pFlash              0x20              ./Drivers/STM32F1xx_HAL_Driver/Src/stm32f1xx_hal_flash.o
led_buffer          0x10              ./Core/Src/fsm_automatic.o
button_flag         0xc               ./Core/Src/button.o
timerforkeypress    0xc               ./Core/Src/button.o
timer_flag          0xc               ./Core/Src/software_timer.o
htim2               0x48              ./Core/Src/main.o

Discarded input sections

 .text          0x0000000000000000        0x0 d:/hcmut/vxl/stm32cubeide_1.7.0/stm32cubeide/plugins/com.st.stm32cube.ide.mcu.externaltools.gnu-tools-for-stm32.9-2020-q2-update.win32_2.0.0.202105311346/tools/bin/../lib/gcc/arm-none-eabi/9.3.1/thumb/v7-m/nofp/crti.o
 .data          0x0000000000000000        0x0 d:/hcmut/vxl/stm32cubeide_1.7.0/stm32cubeide/plugins/com.st.stm32cube.ide.mcu.externaltools.gnu-tools-for-stm32.9-2020-q2-update.win32_2.0.0.202105311346/tools/bin/../lib/gcc/arm-none-eabi/9.3.1/thumb/v7-m/nofp/crti.o
 .bss           0x0000000000000000        0x0 d:/hcmut/vxl/stm32cubeide_1.7.0/stm32cubeide/plugins/com.st.stm32cube.ide.mcu.externaltools.gnu-tools-for-stm32.9-2020-q2-update.win32_2.0.0.202105311346/tools/bin/../lib/gcc/arm-none-eabi/9.3.1/thumb/v7-m/nofp/crti.o
 .data          0x0000000000000000        0x4 d:/hcmut/vxl/stm32cubeide_1.7.0/stm32cubeide/plugins/com.st.stm32cube.ide.mcu.externaltools.gnu-tools-for-stm32.9-2020-q2-update.win32_2.0.0.202105311346/tools/bin/../lib/gcc/arm-none-eabi/9.3.1/thumb/v7-m/nofp/crtbegin.o
 .text          0x0000000000000000       0x7c d:/hcmut/vxl/stm32cubeide_1.7.0/stm32cubeide/plugins/com.st.stm32cube.ide.mcu.externaltools.gnu-tools-for-stm32.9-2020-q2-update.win32_2.0.0.202105311346/tools/bin/../lib/gcc/arm-none-eabi/9.3.1/../../../../arm-none-eabi/lib/thumb/v7-m/nofp/crt0.o
 .data          0x0000000000000000        0x0 d:/hcmut/vxl/stm32cubeide_1.7.0/stm32cubeide/plugins/com.st.stm32cube.ide.mcu.externaltools.gnu-tools-for-stm32.9-2020-q2-update.win32_2.0.0.202105311346/tools/bin/../lib/gcc/arm-none-eabi/9.3.1/../../../../arm-none-eabi/lib/thumb/v7-m/nofp/crt0.o
[...]
Memory Configuration

Name             Origin             Length             Attributes
RAM              0x0000000020000000 0x0000000000002800 xrw
FLASH            0x0000000008000000 0x0000000000008000 xr
*default*        0x0000000000000000 0xffffffffffffffff

Linker script and memory map

LOAD d:/hcmut/vxl/stm32cubeide_1.7.0/stm32cubeide/plugins/com.st.stm32cube.ide.mcu.externaltools.gnu-tools-for-stm32.9-2020-q2-update.win32_2.0.0.202105311346/tools/bin/../lib/gcc/arm-none-eabi/9.3.1/thumb/v7-m/nofp/crti.o
LOAD d:/hcmut/vxl/stm32cubeide_1.7.0/stm32cubeide/plugins/com.st.stm32cube.ide.mcu.externaltools.gnu-tools-for-stm32.9-2020-q2-update.win32_2.0.0.202105311346/tools/bin/../lib/gcc/arm-none-eabi/9.3.1/thumb/v7-m/nofp/crtbegin.o
LOAD d:/hcmut/vxl/stm32cubeide_1.7.0/stm32cubeide/plugins/com.st.stm32cube.ide.mcu.externaltools.gnu-tools-for-stm32.9-2020-q2-update.win32_2.0.0.202105311346/tools/bin/../lib/gcc/arm-none-eabi/9.3.1/../../../../arm-none-eabi/lib/thumb/v7-m/nofp/crt0.o
LOAD ./Core/Src/button.o
LOAD ./Core/Src/fsm_automatic.o
LOAD ./Core/Src/fsm_manual.o
LOAD ./Core/Src/global.o
LOAD ./Core/Src/led7_segment.o
LOAD ./Core/Src/main.o
LOAD ./Core/Src/software_timer.o
LOAD ./Core/Src/stm32f1xx_hal_msp.o
LOAD ./Core/Src/stm32f1xx_it.o
LOAD ./Core/Src/syscalls.o
LOAD ./Core/Src/sysmem.o
LOAD ./Core/Src/system_stm32f1xx.o
LOAD ./Core/Src/traffic_light.o
LOAD ./Core/Startup/startup_stm32f103c6ux.o
LOAD ./Drivers/STM32F1xx_HAL_Driver/Src/stm32f1xx_hal.o
LOAD ./Drivers/STM32F1xx_HAL_Driver/Src/stm32f1xx_hal_cortex.o
LOAD ./Drivers/STM32F1xx_HAL_Driver/Src/stm32f1xx_hal_dma.o
LOAD ./Drivers/STM32F1xx_HAL_Driver/Src/stm32f1xx_hal_exti.o
LOAD ./Drivers/STM32F1xx_HAL_Driver/Src/stm32f1xx_hal_flash.o
LOAD ./Drivers/STM32F1xx_HAL_Driver/Src/stm32f1xx_hal_flash_ex.o
LOAD ./Drivers/STM32F1xx_HAL_Driver/Src/stm32f1xx_hal_gpio.o
LOAD ./Drivers/STM32F1xx_HAL_Driver/Src/stm32f1xx_hal_gpio_ex.o
LOAD ./Drivers/STM32F1xx_HAL_Driver/Src/stm32f1xx_hal_pwr.o
LOAD ./Drivers/STM32F1xx_HAL_Driver/Src/stm32f1xx_hal_rcc.o
LOAD ./Drivers/STM32F1xx_HAL_Driver/Src/stm32f1xx_hal_rcc_ex.o
LOAD ./Drivers/STM32F1xx_HAL_Driver/Src/stm32f1xx_hal_tim.o
LOAD ./Drivers/STM32F1xx_HAL_Driver/Src/stm32f1xx_hal_tim_ex.o
START GROUP
LOAD d:/hcmut/vxl/stm32cubeide_1.7.0/stm32cubeide/plugins/com.st.stm32cube.ide.mcu.externaltools.gnu-tools-for-stm32.9-2020-q2-update.win32_2.0.0.202105311346/tools/bin/../lib/gcc/arm-none-eabi/9.3.1/../../../../arm-none-eabi/lib/thumb/v7-m/nofp\libc_nano.a
LOAD d:/hcmut/vxl/stm32cubeide_1.7.0/stm32cubeide/plugins/com.st.stm32cube.ide.mcu.externaltools.gnu-tools-for-stm32.9-2020-q2-update.win32_2.0.0.202105311346/tools/bin/../lib/gcc/arm-none-eabi/9.3.1/../../../../arm-none-eabi/lib/thumb/v7-m/nofp\libm.a
END GROUP
START GROUP
LOAD d:/hcmut/vxl/stm32cubeide_1.7.0/stm32cubeide/plugins/com.st.stm32cube.ide.mcu.externaltools.gnu-tools-for-stm32.9-2020-q2-update.win32_2.0.0.202105311346/tools/bin/../lib/gcc/arm-none-eabi/9.3.1/thumb/v7-m/nofp\libgcc.a
LOAD d:/hcmut/vxl/stm32cubeide_1.7.0/stm32cubeide/plugins/com.st.stm32cube.ide.mcu.externaltools.gnu-tools-for-stm32.9-2020-q2-update.win32_2.0.0.202105311346/tools/bin/../lib/gcc/arm-none-eabi/9.3.1/../../../../arm-none-eabi/lib/thumb/v7-m/nofp\libc_nano.a
END GROUP
START GROUP
LOAD d:/hcmut/vxl/stm32cubeide_1.7.0/stm32cubeide/plugins/com.st.stm32cube.ide.mcu.externaltools.gnu-tools-for-stm32.9-2020-q2-update.win32_2.0.0.202105311346/tools/bin/../lib/gcc/arm-none-eabi/9.3.1/thumb/v7-m/nofp\libgcc.a
LOAD d:/hcmut/vxl/stm32cubeide_1.7.0/stm32cubeide/plugins/com.st.stm32cube.ide.mcu.externaltools.gnu-tools-for-stm32.9-2020-q2-update.win32_2.0.0.202105311346/tools/bin/../lib/gcc/arm-none-eabi/9.3.1/../../../../arm-none-eabi/lib/thumb/v7-m/nofp\libc_nano.a
LOAD d:/hcmut/vxl/stm32cubeide_1.7.0/stm32cubeide/plugins/com.st.stm32cube.ide.mcu.externaltools.gnu-tools-for-stm32.9-2020-q2-update.win32_2.0.0.202105311346/tools/bin/../lib/gcc/arm-none-eabi/9.3.1/../../../../arm-none-eabi/lib/thumb/v7-m/nofp\libnosys.a
END GROUP
START GROUP
LOAD d:/hcmut/vxl/stm32cubeide_1.7.0/stm32cubeide/plugins/com.st.stm32cube.ide.mcu.externaltools.gnu-tools-for-stm32.9-2020-q2-update.win32_2.0.0.202105311346/tools/bin/../lib/gcc/arm-none-eabi/9.3.1/thumb/v7-m/nofp\libgcc.a
LOAD d:/hcmut/vxl/stm32cubeide_1.7.0/stm32cubeide/plugins/com.st.stm32cube.ide.mcu.externaltools.gnu-tools-for-stm32.9-2020-q2-update.win32_2.0.0.202105311346/tools/bin/../lib/gcc/arm-none-eabi/9.3.1/../../../../arm-none-eabi/lib/thumb/v7-m/nofp\libc_nano.a
LOAD d:/hcmut/vxl/stm32cubeide_1.7.0/stm32cubeide/plugins/com.st.stm32cube.ide.mcu.externaltools.gnu-tools-for-stm32.9-2020-q2-update.win32_2.0.0.202105311346/tools/bin/../lib/gcc/arm-none-eabi/9.3.1/../../../../arm-none-eabi/lib/thumb/v7-m/nofp\libnosys.a
END GROUP
LOAD d:/hcmut/vxl/stm32cubeide_1.7.0/stm32cubeide/plugins/com.st.stm32cube.ide.mcu.externaltools.gnu-tools-for-stm32.9-2020-q2-update.win32_2.0.0.202105311346/tools/bin/../lib/gcc/arm-none-eabi/9.3.1/thumb/v7-m/nofp/crtend.o
LOAD d:/hcmut/vxl/stm32cubeide_1.7.0/stm32cubeide/plugins/com.st.stm32cube.ide.mcu.externaltools.gnu-tools-for-stm32.9-2020-q2-update.win32_2.0.0.202105311346/tools/bin/../lib/gcc/arm-none-eabi/9.3.1/thumb/v7-m/nofp/crtn.o
                0x0000000020002800                _estack = (ORIGIN (RAM) + LENGTH (RAM))
                0x0000000000000200                _Min_Heap_Size = 0x200
                0x0000000000000400                _Min_Stack_Size = 0x400

.isr_vector     0x0000000008000000      0x10c
                0x0000000008000000                . = ALIGN (0x4)
 *(.isr_vector)
 .isr_vector    0x0000000008000000      0x10c ./Core/Startup/startup_stm32f103c6ux.o
                0x0000000008000000                g_pfnVectors
                0x000000000800010c                . = ALIGN (0x4)

.text           0x000000000800010c     0x2830
                0x000000000800010c                . = ALIGN (0x4)
 *(.text)
 .text          0x000000000800010c       0x40 d:/hcmut/vxl/stm32cubeide_1.7.0/stm32cubeide/plugins/com.st.stm32cube.ide.mcu.externaltools.gnu-tools-for-stm32.9-2020-q2-update.win32_2.0.0.202105311346/tools/bin/../lib/gcc/arm-none-eabi/9.3.1/thumb/v7-m/nofp/crtbegin.o
 *(.text*)
 .text.is_button_pressed
                0x000000000800014c       0x34 ./Core/Src/button.o
                0x000000000800014c                is_button_pressed
 .text.getKeyInput
                0x0000000008000180      0x13c ./Core/Src/button.o
                0x0000000008000180                getKeyInput
 .text.update_led7seg
                0x00000000080002bc       0x80 ./Core/Src/fsm_automatic.o
                0x00000000080002bc                update_led7seg
 .text.update_led_for_1s
                0x000000000800033c       0x40 ./Core/Src/fsm_automatic.o
                0x000000000800033c                update_led_for_1s
 .text.led7_segRun
                0x000000000800037c      0x19c ./Core/Src/fsm_automatic.o
                0x000000000800037c                led7_segRun
 .text.traffic_lightRun
                0x0000000008000518      0x12c ./Core/Src/fsm_automatic.o
                0x0000000008000518                traffic_lightRun
 .text.fsm_automatic
                0x0000000008000644       0x14 ./Core/Src/fsm_automatic.o
                0x0000000008000644                fsm_automatic
 .text.increase_duration
                0x0000000008000658       0x28 ./Core/Src/fsm_manual.o
                0x0000000008000658                increase_duration
 .text.fsm_manual
                0x0000000008000680      0x394 ./Core/Src/fsm_manual.o
                0x0000000008000680                fsm_manual
 .text.numToLed
                0x0000000008000a14       0x84 ./Core/Src/led7_segment.o
                0x0000000008000a14                numToLed
 .text.ZERO     0x0000000008000a98       0x54 ./Core/Src/led7_segment.o
                0x0000000008000a98                ZERO
 .text.ONE      0x0000000008000aec       0x54 ./Core/Src/led7_segment.o
                0x0000000008000aec                ONE
 .text.TWO      0x0000000008000b40       0x54 ./Core/Src/led7_segment.o
                0x0000000008000b40                TWO
 .text.THREE    0x0000000008000b94       0x54 ./Core/Src/led7_segment.o
                0x0000000008000b94                THREE
 .text.FOUR     0x0000000008000be8       0x54 ./Core/Src/led7_segment.o
                0x0000000008000be8                FOUR
 .text.FIVE     0x0000000008000c3c       0x54 ./Core/Src/led7_segment.o
                0x0000000008000c3c                FIVE
 .text.SIX      0x0000000008000c90       0x54 ./Core/Src/led7_segment.o
                0x0000000008000c90                SIX
 .text.SEVEN    0x0000000008000ce4       0x54 ./Core/Src/led7_segment.o
                0x0000000008000ce4                SEVEN
 .text.EIGHT    0x0000000008000d38       0x54 ./Core/Src/led7_segment.o
                0x0000000008000d38                EIGHT
 .text.NINE     0x0000000008000d8c       0x54 ./Core/Src/led7_segment.o
                0x0000000008000d8c                NINE
 .text.main     0x0000000008000de0       0x24 ./Core/Src/main.o
                0x0000000008000de0                main
 .text.SystemClock_Config
                0x0000000008000e04       0x76 ./Core/Src/main.o
                0x0000000008000e04                SystemClock_Config
 *fill*         0x0000000008000e7a        0x2 
 .text.MX_TIM2_Init
                0x0000000008000e7c       0x98 ./Core/Src/main.o
 .text.MX_GPIO_Init
                0x0000000008000f14       0xe0 ./Core/Src/main.o
 .text.HAL_TIM_PeriodElapsedCallback
                0x0000000008000ff4       0x18 ./Core/Src/main.o
                0x0000000008000ff4                HAL_TIM_PeriodElapsedCallback
 .text.Error_Handler
                0x000000000800100c        0xa ./Core/Src/main.o
                0x000000000800100c                Error_Handler
 *fill*         0x0000000008001016        0x2 
 .text.setTimer
                0x0000000008001018       0x40 ./Core/Src/software_timer.o
                0x0000000008001018                setTimer
 .text.timerRun
                0x0000000008001058       0x60 ./Core/Src/software_timer.o
                0x0000000008001058                timerRun
 .text.HAL_MspInit
                0x00000000080010b8       0x64 ./Core/Src/stm32f1xx_hal_msp.o
                0x00000000080010b8                HAL_MspInit
 .text.HAL_TIM_Base_MspInit
                0x000000000800111c       0x48 ./Core/Src/stm32f1xx_hal_msp.o
                0x000000000800111c                HAL_TIM_Base_MspInit
 .text.NMI_Handler
                0x0000000008001164        0x6 ./Core/Src/stm32f1xx_it.o
                0x0000000008001164                NMI_Handler
 .text.HardFault_Handler
                0x000000000800116a        0x6 ./Core/Src/stm32f1xx_it.o
                0x000000000800116a                HardFault_Handler
 .text.MemManage_Handler
                0x0000000008001170        0x6 ./Core/Src/stm32f1xx_it.o
                0x0000000008001170                MemManage_Handler
 .text.BusFault_Handler
                0x0000000008001176        0x6 ./Core/Src/stm32f1xx_it.o
                0x0000000008001176                BusFault_Handler
 .text.UsageFault_Handler
                0x000000000800117c        0x6 ./Core/Src/stm32f1xx_it.o
                0x000000000800117c                UsageFault_Handler
 .text.SVC_Handler
                0x0000000008001182        0xc ./Core/Src/stm32f1xx_it.o
                0x0000000008001182                SVC_Handler
 .text.DebugMon_Handler
                0x000000000800118e        0xc ./Core/Src/stm32f1xx_it.o
                0x000000000800118e                DebugMon_Handler
 .text.PendSV_Handler
                0x000000000800119a        0xc ./Core/Src/stm32f1xx_it.o
                0x000000000800119a                PendSV_Handler
 .text.SysTick_Handler
                0x00000000080011a6        0xc ./Core/Src/stm32f1xx_it.o
                0x00000000080011a6                SysTick_Handler
 *fill*         0x00000000080011b2        0x2 
 .text.TIM2_IRQHandler
                0x00000000080011b4       0x14 ./Core/Src/stm32f1xx_it.o
                0x00000000080011b4                TIM2_IRQHandler
 .text.SystemInit
                0x00000000080011c8        0xc ./Core/Src/system_stm32f1xx.o
                0x00000000080011c8                SystemInit
 .text.RED_1    0x00000000080011d4       0x2c ./Core/Src/traffic_light.o
                0x00000000080011d4                RED_1
 .text.GREEN_1  0x0000000008001200       0x2c ./Core/Src/traffic_light.o
                0x0000000008001200                GREEN_1
 .text.YELLOW_1
                0x000000000800122c       0x2c ./Core/Src/traffic_light.o
                0x000000000800122c                YELLOW_1
 .text.RED_2    0x0000000008001258       0x2c ./Core/Src/traffic_light.o
                0x0000000008001258                RED_2
 .text.GREEN_2  0x0000000008001284       0x2c ./Core/Src/traffic_light.o
                0x0000000008001284                GREEN_2
 .text.YELLOW_2
                0x00000000080012b0       0x2c ./Core/Src/traffic_light.o
                0x00000000080012b0                YELLOW_2
 .text.Reset_Handler
                0x00000000080012dc       0x48 ./Core/Startup/startup_stm32f103c6ux.o
                0x00000000080012dc                Reset_Handler
 .text.Default_Handler
                0x0000000008001324        0x2 ./Core/Startup/startup_stm32f103c6ux.o
                0x0000000008001324                RTC_Alarm_IRQHandler
                0x0000000008001324                EXTI2_IRQHandler
                0x0000000008001324                TIM1_CC_IRQHandler
                0x0000000008001324                PVD_IRQHandler
                0x0000000008001324                EXTI3_IRQHandler
                0x0000000008001324                EXTI0_IRQHandler
                0x0000000008001324                ADC1_2_IRQHandler
                0x0000000008001324                SPI1_IRQHandler
                0x0000000008001324                TAMPER_IRQHandler
                0x0000000008001324                DMA1_Channel4_IRQHandler
                0x0000000008001324                RTC_IRQHandler
                0x0000000008001324                DMA1_Channel7_IRQHandler
                0x0000000008001324                CAN1_RX1_IRQHandler
                0x0000000008001324                I2C1_EV_IRQHandler
                0x0000000008001324                DMA1_Channel6_IRQHandler
                0x0000000008001324                TIM3_IRQHandler
                0x0000000008001324                RCC_IRQHandler
                0x0000000008001324                TIM1_TRG_COM_IRQHandler
                0x0000000008001324                DMA1_Channel1_IRQHandler
                0x0000000008001324                Default_Handler
                0x0000000008001324                EXTI15_10_IRQHandler
                0x0000000008001324                EXTI9_5_IRQHandler
                0x0000000008001324                DMA1_Channel5_IRQHandler
                0x0000000008001324                EXTI4_IRQHandler
                0x0000000008001324                USB_LP_CAN1_RX0_IRQHandler
                0x0000000008001324                USB_HP_CAN1_TX_IRQHandler
                0x0000000008001324                DMA1_Channel3_IRQHandler
                0x0000000008001324                TIM1_UP_IRQHandler
                0x0000000008001324                WWDG_IRQHandler
                0x0000000008001324                TIM1_BRK_IRQHandler
                0x0000000008001324                EXTI1_IRQHandler
                0x0000000008001324                USART2_IRQHandler
                0x0000000008001324                DMA1_Channel2_IRQHandler
                0x0000000008001324                CAN1_SCE_IRQHandler
                0x0000000008001324                FLASH_IRQHandler
                0x0000000008001324                USART1_IRQHandler
                0x0000000008001324                I2C1_ER_IRQHandler
                0x0000000008001324                USBWakeUp_IRQHandler
 *fill*         0x0000000008001326        0x2 
 .text.HAL_Init
                0x0000000008001328       0x2c ./Drivers/STM32F1xx_HAL_Driver/Src/stm32f1xx_hal.o
                0x0000000008001328                HAL_Init
 .text.HAL_InitTick
                0x0000000008001354       0x60 ./Drivers/STM32F1xx_HAL_Driver/Src/stm32f1xx_hal.o
                0x0000000008001354                HAL_InitTick
 .text.HAL_IncTick
                0x00000000080013b4       0x24 ./Drivers/STM32F1xx_HAL_Driver/Src/stm32f1xx_hal.o
                0x00000000080013b4                HAL_IncTick
 .text.HAL_GetTick
                0x00000000080013d8       0x14 ./Drivers/STM32F1xx_HAL_Driver/Src/stm32f1xx_hal.o
                0x00000000080013d8                HAL_GetTick
 .text.__NVIC_SetPriorityGrouping
                0x00000000080013ec       0x48 ./Drivers/STM32F1xx_HAL_Driver/Src/stm32f1xx_hal_cortex.o
 .text.__NVIC_GetPriorityGrouping
                0x0000000008001434       0x1c ./Drivers/STM32F1xx_HAL_Driver/Src/stm32f1xx_hal_cortex.o
 .text.__NVIC_EnableIRQ
                0x0000000008001450       0x38 ./Drivers/STM32F1xx_HAL_Driver/Src/stm32f1xx_hal_cortex.o
 .text.__NVIC_SetPriority
                0x0000000008001488       0x54 ./Drivers/STM32F1xx_HAL_Driver/Src/stm32f1xx_hal_cortex.o
 .text.NVIC_EncodePriority
                0x00000000080014dc       0x64 ./Drivers/STM32F1xx_HAL_Driver/Src/stm32f1xx_hal_cortex.o
 .text.SysTick_Config
                0x0000000008001540       0x44 ./Drivers/STM32F1xx_HAL_Driver/Src/stm32f1xx_hal_cortex.o
 .text.HAL_NVIC_SetPriorityGrouping
                0x0000000008001584       0x16 ./Drivers/STM32F1xx_HAL_Driver/Src/stm32f1xx_hal_cortex.o
                0x0000000008001584                HAL_NVIC_SetPriorityGrouping
 .text.HAL_NVIC_SetPriority
                0x000000000800159a       0x38 ./Drivers/STM32F1xx_HAL_Driver/Src/stm32f1xx_hal_cortex.o
                0x000000000800159a                HAL_NVIC_SetPriority
 .text.HAL_NVIC_EnableIRQ
                0x00000000080015d2       0x1c ./Drivers/STM32F1xx_HAL_Driver/Src/stm32f1xx_hal_cortex.o
                0x00000000080015d2                HAL_NVIC_EnableIRQ
 .text.HAL_SYSTICK_Config
                0x00000000080015ee       0x18 ./Drivers/STM32F1xx_HAL_Driver/Src/stm32f1xx_hal_cortex.o
                0x00000000080015ee                HAL_SYSTICK_Config
 *fill*         0x0000000008001606        0x2 
 .text.HAL_GPIO_Init
                0x0000000008001608      0x2f4 ./Drivers/STM32F1xx_HAL_Driver/Src/stm32f1xx_hal_gpio.o
                0x0000000008001608                HAL_GPIO_Init
 .text.HAL_GPIO_ReadPin
                0x00000000080018fc       0x2e ./Drivers/STM32F1xx_HAL_Driver/Src/stm32f1xx_hal_gpio.o
                0x00000000080018fc                HAL_GPIO_ReadPin
 .text.HAL_GPIO_WritePin
                0x000000000800192a       0x30 ./Drivers/STM32F1xx_HAL_Driver/Src/stm32f1xx_hal_gpio.o
                0x000000000800192a                HAL_GPIO_WritePin
 *fill*         0x000000000800195a        0x2 
 .text.HAL_RCC_OscConfig
                0x000000000800195c      0x500 ./Drivers/STM32F1xx_HAL_Driver/Src/stm32f1xx_hal_rcc.o
                0x000000000800195c                HAL_RCC_OscConfig
 .text.HAL_RCC_ClockConfig
                0x0000000008001e5c      0x1d4 ./Drivers/STM32F1xx_HAL_Driver/Src/stm32f1xx_hal_rcc.o
                0x0000000008001e5c                HAL_RCC_ClockConfig
 .text.HAL_RCC_GetSysClockFreq
                0x0000000008002030       0xa8 ./Drivers/STM32F1xx_HAL_Driver/Src/stm32f1xx_hal_rcc.o
                0x0000000008002030                HAL_RCC_GetSysClockFreq
 .text.RCC_Delay
                0x00000000080020d8       0x3c ./Drivers/STM32F1xx_HAL_Driver/Src/stm32f1xx_hal_rcc.o
 .text.HAL_TIM_Base_Init
                0x0000000008002114       0x9e ./Drivers/STM32F1xx_HAL_Driver/Src/stm32f1xx_hal_tim.o
                0x0000000008002114                HAL_TIM_Base_Init
 *fill*         0x00000000080021b2        0x2 
 .text.HAL_TIM_Base_Start_IT
                0x00000000080021b4       0x98 ./Drivers/STM32F1xx_HAL_Driver/Src/stm32f1xx_hal_tim.o
                0x00000000080021b4                HAL_TIM_Base_Start_IT
 .text.HAL_TIM_IRQHandler
                0x000000000800224c      0x1e0 ./Drivers/STM32F1xx_HAL_Driver/Src/stm32f1xx_hal_tim.o
                0x000000000800224c                HAL_TIM_IRQHandler
 .text.HAL_TIM_ConfigClockSource
                0x000000000800242c      0x18e ./Drivers/STM32F1xx_HAL_Driver/Src/stm32f1xx_hal_tim.o
                0x000000000800242c                HAL_TIM_ConfigClockSource
 .text.HAL_TIM_OC_DelayElapsedCallback
                0x00000000080025ba       0x12 ./Drivers/STM32F1xx_HAL_Driver/Src/stm32f1xx_hal_tim.o
                0x00000000080025ba                HAL_TIM_OC_DelayElapsedCallback
 .text.HAL_TIM_IC_CaptureCallback
                0x00000000080025cc       0x12 ./Drivers/STM32F1xx_HAL_Driver/Src/stm32f1xx_hal_tim.o
                0x00000000080025cc                HAL_TIM_IC_CaptureCallback
 .text.HAL_TIM_PWM_PulseFinishedCallback
                0x00000000080025de       0x12 ./Drivers/STM32F1xx_HAL_Driver/Src/stm32f1xx_hal_tim.o
                0x00000000080025de                HAL_TIM_PWM_PulseFinishedCallback
 .text.HAL_TIM_TriggerCallback
                0x00000000080025f0       0x12 ./Drivers/STM32F1xx_HAL_Driver/Src/stm32f1xx_hal_tim.o
                0x00000000080025f0                HAL_TIM_TriggerCallback
 *fill*         0x0000000008002602        0x2 
 .text.TIM_Base_SetConfig
                0x0000000008002604       0xc8 ./Drivers/STM32F1xx_HAL_Driver/Src/stm32f1xx_hal_tim.o
                0x0000000008002604                TIM_Base_SetConfig
 .text.TIM_TI1_ConfigInputStage
                0x00000000080026cc       0x5c ./Drivers/STM32F1xx_HAL_Driver/Src/stm32f1xx_hal_tim.o
 .text.TIM_TI2_ConfigInputStage
                0x0000000008002728       0x5e ./Drivers/STM32F1xx_HAL_Driver/Src/stm32f1xx_hal_tim.o
 .text.TIM_ITRx_SetConfig
                0x0000000008002786       0x34 ./Drivers/STM32F1xx_HAL_Driver/Src/stm32f1xx_hal_tim.o
 .text.TIM_ETR_SetConfig
                0x00000000080027ba       0x3e ./Drivers/STM32F1xx_HAL_Driver/Src/stm32f1xx_hal_tim.o
                0x00000000080027ba                TIM_ETR_SetConfig
 .text.HAL_TIMEx_MasterConfigSynchronization
                0x00000000080027f8       0xb0 ./Drivers/STM32F1xx_HAL_Driver/Src/stm32f1xx_hal_tim_ex.o
                0x00000000080027f8                HAL_TIMEx_MasterConfigSynchronization
 .text.HAL_TIMEx_CommutCallback
                0x00000000080028a8       0x12 ./Drivers/STM32F1xx_HAL_Driver/Src/stm32f1xx_hal_tim_ex.o
                0x00000000080028a8                HAL_TIMEx_CommutCallback
 .text.HAL_TIMEx_BreakCallback
                0x00000000080028ba       0x12 ./Drivers/STM32F1xx_HAL_Driver/Src/stm32f1xx_hal_tim_ex.o
                0x00000000080028ba                HAL_TIMEx_BreakCallback
 .text.__libc_init_array
                0x00000000080028cc       0x48 d:/hcmut/vxl/stm32cubeide_1.7.0/stm32cubeide/plugins/com.st.stm32cube.ide.mcu.externaltools.gnu-tools-for-stm32.9-2020-q2-update.win32_2.0.0.202105311346/tools/bin/../lib/gcc/arm-none-eabi/9.3.1/../../../../arm-none-eabi/lib/thumb/v7-m/nofp\libc_nano.a(lib_a-init.o)
                0x00000000080028cc                __libc_init_array
 .text.memset   0x0000000008002914       0x10 d:/hcmut/vxl/stm32cubeide_1.7.0/stm32cubeide/plugins/com.st.stm32cube.ide.mcu.externaltools.gnu-tools-for-stm32.9-2020-q2-update.win32_2.0.0.202105311346/tools/bin/../lib/gcc/arm-none-eabi/9.3.1/../../../../arm-none-eabi/lib/thumb/v7-m/nofp\libc_nano.a(lib_a-memset.o)
                0x0000000008002914                memset
 *(.glue_7)
 .glue_7        0x0000000008002924        0x0 linker stubs
 *(.glue_7t)
 .glue_7t       0x0000000008002924        0x0 linker stubs
 *(.eh_frame)
 .eh_frame      0x0000000008002924        0x0 d:/hcmut/vxl/stm32cubeide_1.7.0/stm32cubeide/plugins/com.st.stm32cube.ide.mcu.externaltools.gnu-tools-for-stm32.9-2020-q2-update.win32_2.0.0.202105311346/tools/bin/../lib/gcc/arm-none-eabi/9.3.1/thumb/v7-m/nofp/crtbegin.o
 *(.init)
 .init          0x0000000008002924        0x4 d:/hcmut/vxl/stm32cubeide_1.7.0/stm32cubeide/plugins/com.st.stm32cube.ide.mcu.externaltools.gnu-tools-for-stm32.9-2020-q2-update.win32_2.0.0.202105311346/tools/bin/../lib/gcc/arm-none-eabi/9.3.1/thumb/v7-m/nofp/crti.o
                0x0000000008002924                _init
 .init          0x0000000008002928        0x8 d:/hcmut/vxl/stm32cubeide_1.7.0/stm32cubeide/plugins/com.st.stm32cube.ide.mcu.externaltools.gnu-tools-for-stm32.9-2020-q2-update.win32_2.0.0.202105311346/tools/bin/../lib/gcc/arm-none-eabi/9.3.1/thumb/v7-m/nofp/crtn.o
 *(.fini)
 .fini          0x0000000008002930        0x4 d:/hcmut/vxl/stm32cubeide_1.7.0/stm32cubeide/plugins/com.st.stm32cube.ide.mcu.externaltools.gnu-tools-for-stm32.9-2020-q2-update.win32_2.0.0.202105311346/tools/bin/../lib/gcc/arm-none-eabi/9.3.1/thumb/v7-m/nofp/crti.o
                0x0000000008002930                _fini
 .fini          0x0000000008002934        0x8 d:/hcmut/vxl/stm32cubeide_1.7.0/stm32cubeide/plugins/com.st.stm32cube.ide.mcu.externaltools.gnu-tools-for-stm32.9-2020-q2-update.win32_2.0.0.202105311346/tools/bin/../lib/gcc/arm-none-eabi/9.3.1/thumb/v7-m/nofp/crtn.o
                0x000000000800293c                . = ALIGN (0x4)
                0x000000000800293c                _etext = .

.vfp11_veneer   0x000000000800293c        0x0
 .vfp11_veneer  0x000000000800293c        0x0 linker stubs

.v4_bx          0x000000000800293c        0x0
 .v4_bx         0x000000000800293c        0x0 linker stubs

.iplt           0x000000000800293c        0x0
 .iplt          0x000000000800293c        0x0 d:/hcmut/vxl/stm32cubeide_1.7.0/stm32cubeide/plugins/com.st.stm32cube.ide.mcu.externaltools.gnu-tools-for-stm32.9-2020-q2-update.win32_2.0.0.202105311346/tools/bin/../lib/gcc/arm-none-eabi/9.3.1/thumb/v7-m/nofp/crtbegin.o

.rodata         0x000000000800293c       0x24
                0x000000000800293c                . = ALIGN (0x4)
 *(.rodata)
 *(.rodata*)
 .rodata.AHBPrescTable
                0x000000000800293c       0x10 ./Core/Src/system_stm32f1xx.o
                0x000000000800293c                AHBPrescTable
 .rodata.aPLLMULFactorTable.6032
                0x000000000800294c       0x10 ./Drivers/STM32F1xx_HAL_Driver/Src/stm32f1xx_hal_rcc.o
 .rodata.aPredivFactorTable.6033
                0x000000000800295c        0x2 ./Drivers/STM32F1xx_HAL_Driver/Src/stm32f1xx_hal_rcc.o
                0x0000000008002960                . = ALIGN (0x4)
 *fill*         0x000000000800295e        0x2 

.rel.dyn        0x0000000008002960        0x0
 .rel.iplt      0x0000000008002960        0x0 d:/hcmut/vxl/stm32cubeide_1.7.0/stm32cubeide/plugins/com.st.stm32cube.ide.mcu.externaltools.gnu-tools-for-stm32.9-2020-q2-update.win32_2.0.0.202105311346/tools/bin/../lib/gcc/arm-none-eabi/9.3.1/thumb/v7-m/nofp/crtbegin.o

.ARM.extab      0x0000000008002960        0x0
                0x0000000008002960                . = ALIGN (0x4)
 *(.ARM.extab* .gnu.linkonce.armextab.*)
                0x0000000008002960                . = ALIGN (0x4)

.ARM            0x0000000008002960        0x0
                0x0000000008002960                . = ALIGN (0x4)
                0x0000000008002960                __exidx_start = .
 *(.ARM.exidx*)
                0x0000000008002960                __exidx_end = .
                0x0000000008002960                . = ALIGN (0x4)

.preinit_array  0x0000000008002960        0x0
                0x0000000008002960                . = ALIGN (0x4)
                0x0000000008002960                PROVIDE (__preinit_array_start = .)
 *(.preinit_array*)
                0x0000000008002960                PROVIDE (__preinit_array_end = .)
                0x0000000008002960                . = ALIGN (0x4)

.init_array     0x0000000008002960        0x4
                0x0000000008002960                . = ALIGN (0x4)
                0x0000000008002960                PROVIDE (__init_array_start = .)
 *(SORT_BY_NAME(.init_array.*))
 *(.init_array*)
 .init_array    0x0000000008002960        0x4 d:/hcmut/vxl/stm32cubeide_1.7.0/stm32cubeide/plugins/com.st.stm32cube.ide.mcu.externaltools.gnu-tools-for-stm32.9-2020-q2-update.win32_2.0.0.202105311346/tools/bin/../lib/gcc/arm-none-eabi/9.3.1/thumb/v7-m/nofp/crtbegin.o
                0x0000000008002964                PROVIDE (__init_array_end = .)
                0x0000000008002964                . = ALIGN (0x4)

.fini_array     0x0000000008002964        0x4
                0x0000000008002964                . = ALIGN (0x4)
                [!provide]                        PROVIDE (__fini_array_start = .)
 *(SORT_BY_NAME(.fini_array.*))
 *(.fini_array*)
 .fini_array    0x0000000008002964        0x4 d:/hcmut/vxl/stm32cubeide_1.7.0/stm32cubeide/plugins/com.st.stm32cube.ide.mcu.externaltools.gnu-tools-for-stm32.9-2020-q2-update.win32_2.0.0.202105311346/tools/bin/../lib/gcc/arm-none-eabi/9.3.1/thumb/v7-m/nofp/crtbegin.o
                [!provide]                        PROVIDE (__fini_array_end = .)
                0x0000000008002968                . = ALIGN (0x4)
                0x0000000008002968                _sidata = LOADADDR (.data)

.data           0x0000000020000000       0x4c load address 0x0000000008002968
                0x0000000020000000                . = ALIGN (0x4)
                0x0000000020000000                _sdata = .
 *(.data)
 *(.data*)
 .data.keyReg0  0x0000000020000000        0xc ./Core/Src/button.o
                0x0000000020000000                keyReg0
 .data.keyReg1  0x000000002000000c        0xc ./Core/Src/button.o
                0x000000002000000c                keyReg1
 .data.keyReg2  0x0000000020000018        0xc ./Core/Src/button.o
                0x0000000020000018                keyReg2
 .data.bufferButton
                0x0000000020000024        0xc ./Core/Src/button.o
                0x0000000020000024                bufferButton
 .data.mode     0x0000000020000030        0x4 ./Core/Src/global.o
                0x0000000020000030                mode
 .data.red_duration
                0x0000000020000034        0x4 ./Core/Src/global.o
                0x0000000020000034                red_duration
 .data.green_duration
                0x0000000020000038        0x4 ./Core/Src/global.o
                0x0000000020000038                green_duration
 .data.yellow_duration
                0x000000002000003c        0x4 ./Core/Src/global.o
                0x000000002000003c                yellow_duration
 .data.SystemCoreClock
                0x0000000020000040        0x4 ./Core/Src/system_stm32f1xx.o
                0x0000000020000040                SystemCoreClock
 .data.uwTickPrio
                0x0000000020000044        0x4 ./Drivers/STM32F1xx_HAL_Driver/Src/stm32f1xx_hal.o
                0x0000000020000044                uwTickPrio
 .data.uwTickFreq
                0x0000000020000048        0x1 ./Drivers/STM32F1xx_HAL_Driver/Src/stm32f1xx_hal.o
                0x0000000020000048                uwTickFreq
 *(.RamFunc)
 *(.RamFunc*)
                0x000000002000004c                . = ALIGN (0x4)
 *fill*         0x0000000020000049        0x3 
                0x000000002000004c                _edata = .

.igot.plt       0x000000002000004c        0x0 load address 0x00000000080029b4
 .igot.plt      0x000000002000004c        0x0 d:/hcmut/vxl/stm32cubeide_1.7.0/stm32cubeide/plugins/com.st.stm32cube.ide.mcu.externaltools.gnu-tools-for-stm32.9-2020-q2-update.win32_2.0.0.202105311346/tools/bin/../lib/gcc/arm-none-eabi/9.3.1/thumb/v7-m/nofp/crtbegin.o
                0x000000002000004c                . = ALIGN (0x4)

.bss            0x000000002000004c       0xb8 load address 0x00000000080029b4
                0x000000002000004c                _sbss = .
                0x000000002000004c                __bss_start__ = _sbss
 *(.bss)
 .bss           0x000000002000004c       0x1c d:/hcmut/vxl/stm32cubeide_1.7.0/stm32cubeide/plugins/com.st.stm32cube.ide.mcu.externaltools.gnu-tools-for-stm32.9-2020-q2-update.win32_2.0.0.202105311346/tools/bin/../lib/gcc/arm-none-eabi/9.3.1/thumb/v7-m/nofp/crtbegin.o
 *(.bss*)
 .bss.led_status
                0x0000000020000068        0x4 ./Core/Src/global.o
                0x0000000020000068                led_status
 .bss.status    0x000000002000006c        0x4 ./Core/Src/global.o
                0x000000002000006c                status
 .bss.led1_value
                0x0000000020000070        0x4 ./Core/Src/global.o
                0x0000000020000070                led1_value
 .bss.led2_value
                0x0000000020000074        0x4 ./Core/Src/global.o
                0x0000000020000074                led2_value
 *(COMMON)
 COMMON         0x0000000020000078       0x18 ./Core/Src/button.o
                0x0000000020000078                button_flag
                0x0000000020000084                timerforkeypress
 COMMON         0x0000000020000090       0x10 ./Core/Src/fsm_automatic.o
                0x0000000020000090                led_buffer
 COMMON         0x00000000200000a0       0x48 ./Core/Src/main.o
                0x00000000200000a0                htim2
 COMMON         0x00000000200000e8       0x18 ./Core/Src/software_timer.o
                0x00000000200000e8                timer_counter
                0x00000000200000f4                timer_flag
 COMMON         0x0000000020000100        0x4 ./Drivers/STM32F1xx_HAL_Driver/Src/stm32f1xx_hal.o
                0x0000000020000100                uwTick
                0x0000000020000104                . = ALIGN (0x4)
                0x0000000020000104                _ebss = .
                0x0000000020000104                __bss_end__ = _ebss

._user_heap_stack
                0x0000000020000104      0x604 load address 0x00000000080029b4
                0x0000000020000108                . = ALIGN (0x8)
 *fill*         0x0000000020000104        0x4 
                [!provide]                        PROVIDE (end = .)
                0x0000000020000108                PROVIDE (_end = .)
                0x0000000020000308                . = (. + _Min_Heap_Size)
 *fill*         0x0000000020000108      0x200 
                0x0000000020000708                . = (. + _Min_Stack_Size)
 *fill*         0x0000000020000308      0x400 
                0x0000000020000708                . = ALIGN (0x8)

/DISCARD/
 libc.a(*)
 libm.a(*)
 libgcc.a(*)

.ARM.attributes
                0x0000000000000000       0x29
 *(.ARM.attributes)
 .ARM.attributes
                0x0000000000000000       0x1d d:/hcmut/vxl/stm32cubeide_1.7.0/stm32cubeide/plugins/com.st.stm32cube.ide.mcu.externaltools.gnu-tools-for-stm32.9-2020-q2-update.win32_2.0.0.202105311346/tools/bin/../lib/gcc/arm-none-eabi/9.3.1/thumb/v7-m/nofp/crti.o
 .ARM.attributes
                0x000000000000001d       0x2d d:/hcmut/vxl/stm32cubeide_1.7.0/stm32cubeide/plugins/com.st.stm32cube.ide.mcu.externaltools.gnu-tools-for-stm32.9-2020-q2-update.win32_2.0.0.202105311346/tools/bin/../lib/gcc/arm-none-eabi/9.3.1/thumb/v7-m/nofp/crtbegin.o
 .ARM.attributes
                0x000000000000004a       0x2d ./Core/Src/button.o
 .ARM.attributes
                0x0000000000000077       0x2d ./Core/Src/fsm_automatic.o
 .ARM.attributes
                0x00000000000000a4       0x2d ./Core/Src/fsm_manual.o
 .ARM.attributes
                0x00000000000000d1       0x33 ./Core/Src/global.o
 .ARM.attributes
                0x0000000000000104       0x2d ./Core/Src/led7_segment.o
 .ARM.attributes
                0x0000000000000131       0x2d ./Core/Src/main.o
 .ARM.attributes
                0x000000000000015e       0x2d ./Core/Src/software_timer.o
 .ARM.attributes
                0x000000000000018b       0x2d ./Core/Src/stm32f1xx_hal_msp.o
 .ARM.attributes
                0x00000000000001b8       0x2d ./Core/Src/stm32f1xx_it.o
 .ARM.attributes
                0x00000000000001e5       0x2d ./Core/Src/system_stm32f1xx.o
 .ARM.attributes
                0x0000000000000212       0x2d ./Core/Src/traffic_light.o
 .ARM.attributes
                0x000000000000023f       0x21 ./Core/Startup/startup_stm32f103c6ux.o
 .ARM.attributes
                0x0000000000000260       0x2d ./Drivers/STM32F1xx_HAL_Driver/Src/stm32f1xx_hal.o
 .ARM.attributes
                0x000000000000028d       0x2d ./Drivers/STM32F1xx_HAL_Driver/Src/stm32f1xx_hal_cortex.o
 .ARM.attributes
                0x00000000000002ba       0x2d ./Drivers/STM32F1xx_HAL_Driver/Src/stm32f1xx_hal_gpio.o
 .ARM.attributes
                0x00000000000002e7       0x2d ./Drivers/STM32F1xx_HAL_Driver/Src/stm32f1xx_hal_rcc.o
 .ARM.attributes
                0x0000000000000314       0x2d ./Drivers/STM32F1xx_HAL_Driver/Src/stm32f1xx_hal_tim.o
 .ARM.attributes
                0x0000000000000341       0x2d ./Drivers/STM32F1xx_HAL_Driver/Src/stm32f1xx_hal_tim_ex.o
 .ARM.attributes
                0x000000000000036e       0x2d d:/hcmut/vxl/stm32cubeide_1.7.0/stm32cubeide/plugins/com.st.stm32cube.ide.mcu.externaltools.gnu-tools-for-stm32.9-2020-q2-update.win32_2.0.0.202105311346/tools/bin/../lib/gcc/arm-none-eabi/9.3.1/../../../../arm-none-eabi/lib/thumb/v7-m/nofp\libc_nano.a(lib_a-init.o)
 .ARM.attributes
                0x000000000000039b       0x2d d:/hcmut/vxl/stm32cubeide_1.7.0/stm32cubeide/plugins/com.st.stm32cube.ide.mcu.externaltools.gnu-tools-for-stm32.9-2020-q2-update.win32_2.0.0.202105311346/tools/bin/../lib/gcc/arm-none-eabi/9.3.1/../../../../arm-none-eabi/lib/thumb/v7-m/nofp\libc_nano.a(lib_a-memset.o)
 .ARM.attributes
                0x00000000000003c8       0x1d d:/hcmut/vxl/stm32cubeide_1.7.0/stm32cubeide/plugins/com.st.stm32cube.ide.mcu.externaltools.gnu-tools-for-stm32.9-2020-q2-update.win32_2.0.0.202105311346/tools/bin/../lib/gcc/arm-none-eabi/9.3.1/thumb/v7-m/nofp/crtn.o
OUTPUT(LAB3.elf elf32-littlearm)
LOAD linker stubs
LOAD d:/hcmut/vxl/stm32cubeide_1.7.0/stm32cubeide/plugins/com.st.stm32cube.ide.mcu.externaltools.gnu-tools-for-stm32.9-2020-q2-update.win32_2.0.0.202105311346/tools/bin/../lib/gcc/arm-none-eabi/9.3.1/../../../../arm-none-eabi/lib/thumb/v7-m/nofp\libc.a
LOAD d:/hcmut/vxl/stm32cubeide_1.7.0/stm32cubeide/plugins/com.st.stm32cube.ide.mcu.externaltools.gnu-tools-for-stm32.9-2020-q2-update.win32_2.0.0.202105311346/tools/bin/../lib/gcc/arm-none-eabi/9.3.1/../../../../arm-none-eabi/lib/thumb/v7-m/nofp\libm.a
LOAD d:/hcmut/vxl/stm32cubeide_1.7.0/stm32cubeide/plugins/com.st.stm32cube.ide.mcu.externaltools.gnu-tools-for-stm32.9-2020-q2-update.win32_2.0.0.202105311346/tools/bin/../lib/gcc/arm-none-eabi/9.3.1/thumb/v7-m/nofp\libgcc.a

.debug_info     0x0000000000000000     0x9530
 .debug_info    0x0000000000000000      0x318 ./Core/Src/button.o
 .debug_info    0x0000000000000318      0x32c ./Core/Src/fsm_automatic.o
 .debug_info    0x0000000000000644      0x227 ./Core/Src/fsm_manual.o
 .debug_info    0x000000000000086b       0xf9 ./Core/Src/global.o
 .debug_info    0x0000000000000964      0x315 ./Core/Src/led7_segment.o
 .debug_info    0x0000000000000c79      0xc32 ./Core/Src/main.o
 .debug_info    0x00000000000018ab       0xfb ./Core/Src/software_timer.o
 .debug_info    0x00000000000019a6      0xa09 ./Core/Src/stm32f1xx_hal_msp.o
 .debug_info    0x00000000000023af      0x7b9 ./Core/Src/stm32f1xx_it.o
 .debug_info    0x0000000000002b68      0x2be ./Core/Src/system_stm32f1xx.o
 .debug_info    0x0000000000002e26      0x299 ./Core/Src/traffic_light.o
 .debug_info    0x00000000000030bf       0x22 ./Core/Startup/startup_stm32f103c6ux.o
 .debug_info    0x00000000000030e1      0x74c ./Drivers/STM32F1xx_HAL_Driver/Src/stm32f1xx_hal.o
 .debug_info    0x000000000000382d      0xbbe ./Drivers/STM32F1xx_HAL_Driver/Src/stm32f1xx_hal_cortex.o
 .debug_info    0x00000000000043eb      0x701 ./Drivers/STM32F1xx_HAL_Driver/Src/stm32f1xx_hal_gpio.o
 .debug_info    0x0000000000004aec      0x893 ./Drivers/STM32F1xx_HAL_Driver/Src/stm32f1xx_hal_rcc.o
 .debug_info    0x000000000000537f     0x2c32 ./Drivers/STM32F1xx_HAL_Driver/Src/stm32f1xx_hal_tim.o
 .debug_info    0x0000000000007fb1     0x157f ./Drivers/STM32F1xx_HAL_Driver/Src/stm32f1xx_hal_tim_ex.o

.debug_abbrev   0x0000000000000000     0x1ba2
 .debug_abbrev  0x0000000000000000      0x15d ./Core/Src/button.o
 .debug_abbrev  0x000000000000015d      0x12f ./Core/Src/fsm_automatic.o
 .debug_abbrev  0x000000000000028c       0xd3 ./Core/Src/fsm_manual.o
 .debug_abbrev  0x000000000000035f       0x40 ./Core/Src/global.o
 .debug_abbrev  0x000000000000039f      0x142 ./Core/Src/led7_segment.o
 .debug_abbrev  0x00000000000004e1      0x231 ./Core/Src/main.o
 .debug_abbrev  0x0000000000000712       0xe5 ./Core/Src/software_timer.o
 .debug_abbrev  0x00000000000007f7      0x1b7 ./Core/Src/stm32f1xx_hal_msp.o
 .debug_abbrev  0x00000000000009ae      0x176 ./Core/Src/stm32f1xx_it.o
 .debug_abbrev  0x0000000000000b24      0x14e ./Core/Src/system_stm32f1xx.o
 .debug_abbrev  0x0000000000000c72       0xff ./Core/Src/traffic_light.o
 .debug_abbrev  0x0000000000000d71       0x12 ./Core/Startup/startup_stm32f103c6ux.o
 .debug_abbrev  0x0000000000000d83      0x1ed ./Drivers/STM32F1xx_HAL_Driver/Src/stm32f1xx_hal.o
 .debug_abbrev  0x0000000000000f70      0x313 ./Drivers/STM32F1xx_HAL_Driver/Src/stm32f1xx_hal_cortex.o
 .debug_abbrev  0x0000000000001283      0x1e8 ./Drivers/STM32F1xx_HAL_Driver/Src/stm32f1xx_hal_gpio.o
 .debug_abbrev  0x000000000000146b      0x273 ./Drivers/STM32F1xx_HAL_Driver/Src/stm32f1xx_hal_rcc.o
 .debug_abbrev  0x00000000000016de      0x25e ./Drivers/STM32F1xx_HAL_Driver/Src/stm32f1xx_hal_tim.o
 .debug_abbrev  0x000000000000193c      0x266 ./Drivers/STM32F1xx_HAL_Driver/Src/stm32f1xx_hal_tim_ex.o

.debug_aranges  0x0000000000000000      0xac8
 .debug_aranges
                0x0000000000000000       0x28 ./Core/Src/button.o
 .debug_aranges
                0x0000000000000028       0x40 ./Core/Src/fsm_automatic.o
 .debug_aranges
                0x0000000000000068       0x28 ./Core/Src/fsm_manual.o
 .debug_aranges
                0x0000000000000090       0x18 ./Core/Src/global.o
 .debug_aranges
                0x00000000000000a8       0x78 ./Core/Src/led7_segment.o
 .debug_aranges
                0x0000000000000120       0x48 ./Core/Src/main.o
 .debug_aranges
                0x0000000000000168       0x30 ./Core/Src/software_timer.o
 .debug_aranges
                0x0000000000000198       0x30 ./Core/Src/stm32f1xx_hal_msp.o
 .debug_aranges
                0x00000000000001c8       0x68 ./Core/Src/stm32f1xx_it.o
 .debug_aranges
                0x0000000000000230       0x28 ./Core/Src/system_stm32f1xx.o
 .debug_aranges
                0x0000000000000258       0x48 ./Core/Src/traffic_light.o
 .debug_aranges
                0x00000000000002a0       0x28 ./Core/Startup/startup_stm32f103c6ux.o
 .debug_aranges
                0x00000000000002c8       0xe0 ./Drivers/STM32F1xx_HAL_Driver/Src/stm32f1xx_hal.o
 .debug_aranges
                0x00000000000003a8      0x100 ./Drivers/STM32F1xx_HAL_Driver/Src/stm32f1xx_hal_cortex.o
 .debug_aranges
                0x00000000000004a8       0x58 ./Drivers/STM32F1xx_HAL_Driver/Src/stm32f1xx_hal_gpio.o
 .debug_aranges
                0x0000000000000500       0x90 ./Drivers/STM32F1xx_HAL_Driver/Src/stm32f1xx_hal_rcc.o
 .debug_aranges
                0x0000000000000590      0x3d0 ./Drivers/STM32F1xx_HAL_Driver/Src/stm32f1xx_hal_tim.o
 .debug_aranges
                0x0000000000000960      0x168 ./Drivers/STM32F1xx_HAL_Driver/Src/stm32f1xx_hal_tim_ex.o

.debug_ranges   0x0000000000000000      0x9a8
 .debug_ranges  0x0000000000000000       0x18 ./Core/Src/button.o
 .debug_ranges  0x0000000000000018       0x30 ./Core/Src/fsm_automatic.o
 .debug_ranges  0x0000000000000048       0x18 ./Core/Src/fsm_manual.o
 .debug_ranges  0x0000000000000060       0x68 ./Core/Src/led7_segment.o
 .debug_ranges  0x00000000000000c8       0x38 ./Core/Src/main.o
 .debug_ranges  0x0000000000000100       0x20 ./Core/Src/software_timer.o
 .debug_ranges  0x0000000000000120       0x20 ./Core/Src/stm32f1xx_hal_msp.o
 .debug_ranges  0x0000000000000140       0x58 ./Core/Src/stm32f1xx_it.o
 .debug_ranges  0x0000000000000198       0x18 ./Core/Src/system_stm32f1xx.o
 .debug_ranges  0x00000000000001b0       0x38 ./Core/Src/traffic_light.o
 .debug_ranges  0x00000000000001e8       0x20 ./Core/Startup/startup_stm32f103c6ux.o
 .debug_ranges  0x0000000000000208       0xd0 ./Drivers/STM32F1xx_HAL_Driver/Src/stm32f1xx_hal.o
 .debug_ranges  0x00000000000002d8       0xf0 ./Drivers/STM32F1xx_HAL_Driver/Src/stm32f1xx_hal_cortex.o
 .debug_ranges  0x00000000000003c8       0x48 ./Drivers/STM32F1xx_HAL_Driver/Src/stm32f1xx_hal_gpio.o
 .debug_ranges  0x0000000000000410       0x80 ./Drivers/STM32F1xx_HAL_Driver/Src/stm32f1xx_hal_rcc.o
 .debug_ranges  0x0000000000000490      0x3c0 ./Drivers/STM32F1xx_HAL_Driver/Src/stm32f1xx_hal_tim.o
 .debug_ranges  0x0000000000000850      0x158 ./Drivers/STM32F1xx_HAL_Driver/Src/stm32f1xx_hal_tim_ex.o

.debug_macro    0x0000000000000000    0x16d04
 .debug_macro   0x0000000000000000      0x1ce ./Core/Src/button.o
 .debug_macro   0x00000000000001ce      0xa9c ./Core/Src/button.o
 .debug_macro   0x0000000000000c6a      0x215 ./Core/Src/button.o
 .debug_macro   0x0000000000000e7f       0x2e ./Core/Src/button.o
 .debug_macro   0x0000000000000ead       0x22 ./Core/Src/button.o
 .debug_macro   0x0000000000000ecf       0x22 ./Core/Src/button.o
 .debug_macro   0x0000000000000ef1       0x8e ./Core/Src/button.o
 .debug_macro   0x0000000000000f7f       0x51 ./Core/Src/button.o
 .debug_macro   0x0000000000000fd0      0x103 ./Core/Src/button.o
 .debug_macro   0x00000000000010d3       0x6a ./Core/Src/button.o
 .debug_macro   0x000000000000113d      0x1df ./Core/Src/button.o
 .debug_macro   0x000000000000131c       0x1c ./Core/Src/button.o
 .debug_macro   0x0000000000001338       0x22 ./Core/Src/button.o
 .debug_macro   0x000000000000135a       0xc3 ./Core/Src/button.o
 .debug_macro   0x000000000000141d      0xd23 ./Core/Src/button.o
 .debug_macro   0x0000000000002140     0xde75 ./Core/Src/button.o
 .debug_macro   0x000000000000ffb5       0x6d ./Core/Src/button.o
 .debug_macro   0x0000000000010022     0x34a2 ./Core/Src/button.o
 .debug_macro   0x00000000000134c4      0x174 ./Core/Src/button.o
 .debug_macro   0x0000000000013638       0x5c ./Core/Src/button.o
 .debug_macro   0x0000000000013694      0x5bc ./Core/Src/button.o
 .debug_macro   0x0000000000013c50      0x1b7 ./Core/Src/button.o
 .debug_macro   0x0000000000013e07      0x1cb ./Core/Src/button.o
 .debug_macro   0x0000000000013fd2      0x114 ./Core/Src/button.o
 .debug_macro   0x00000000000140e6      0x1b2 ./Core/Src/button.o
 .debug_macro   0x0000000000014298       0x27 ./Core/Src/button.o
 .debug_macro   0x00000000000142bf      0x12f ./Core/Src/button.o
 .debug_macro   0x00000000000143ee      0x1bc ./Core/Src/button.o
 .debug_macro   0x00000000000145aa       0x34 ./Core/Src/button.o
 .debug_macro   0x00000000000145de       0x3c ./Core/Src/button.o
 .debug_macro   0x000000000001461a       0x57 ./Core/Src/button.o
 .debug_macro   0x0000000000014671       0x87 ./Core/Src/button.o
 .debug_macro   0x00000000000146f8      0x183 ./Core/Src/button.o
 .debug_macro   0x000000000001487b      0x140 ./Core/Src/button.o
 .debug_macro   0x00000000000149bb      0x8ed ./Core/Src/button.o
 .debug_macro   0x00000000000152a8       0x69 ./Core/Src/button.o
 .debug_macro   0x0000000000015311      0x100 ./Core/Src/button.o
 .debug_macro   0x0000000000015411      0x1d7 ./Core/Src/fsm_automatic.o
 .debug_macro   0x00000000000155e8       0x70 ./Core/Src/fsm_automatic.o
 .debug_macro   0x0000000000015658      0x1f1 ./Core/Src/fsm_manual.o
 .debug_macro   0x0000000000015849       0x1a ./Core/Src/global.o
 .debug_macro   0x0000000000015863      0x1b0 ./Core/Src/led7_segment.o
 .debug_macro   0x0000000000015a13      0x201 ./Core/Src/main.o
 .debug_macro   0x0000000000015c14       0x27 ./Core/Src/software_timer.o
 .debug_macro   0x0000000000015c3b      0x1a6 ./Core/Src/stm32f1xx_hal_msp.o
 .debug_macro   0x0000000000015de1      0x1b0 ./Core/Src/stm32f1xx_it.o
 .debug_macro   0x0000000000015f91      0x197 ./Core/Src/system_stm32f1xx.o
 .debug_macro   0x0000000000016128      0x1b0 ./Core/Src/traffic_light.o
 .debug_macro   0x00000000000162d8      0x1bb ./Drivers/STM32F1xx_HAL_Driver/Src/stm32f1xx_hal.o
 .debug_macro   0x0000000000016493      0x197 ./Drivers/STM32F1xx_HAL_Driver/Src/stm32f1xx_hal_cortex.o
 .debug_macro   0x000000000001662a      0x202 ./Drivers/STM32F1xx_HAL_Driver/Src/stm32f1xx_hal_gpio.o
 .debug_macro   0x000000000001682c      0x1a9 ./Drivers/STM32F1xx_HAL_Driver/Src/stm32f1xx_hal_rcc.o
 .debug_macro   0x00000000000169d5      0x198 ./Drivers/STM32F1xx_HAL_Driver/Src/stm32f1xx_hal_tim.o
 .debug_macro   0x0000000000016b6d      0x197 ./Drivers/STM32F1xx_HAL_Driver/Src/stm32f1xx_hal_tim_ex.o

.debug_line     0x0000000000000000     0xbcd8
 .debug_line    0x0000000000000000      0x740 ./Core/Src/button.o
 .debug_line    0x0000000000000740      0x82b ./Core/Src/fsm_automatic.o
 .debug_line    0x0000000000000f6b      0x8d0 ./Core/Src/fsm_manual.o
 .debug_line    0x000000000000183b       0x4d ./Core/Src/global.o
 .debug_line    0x0000000000001888      0x7e8 ./Core/Src/led7_segment.o
 .debug_line    0x0000000000002070      0x809 ./Core/Src/main.o
 .debug_line    0x0000000000002879       0xcf ./Core/Src/software_timer.o
 .debug_line    0x0000000000002948      0x6bd ./Core/Src/stm32f1xx_hal_msp.o
 .debug_line    0x0000000000003005      0x75b ./Core/Src/stm32f1xx_it.o
 .debug_line    0x0000000000003760      0x6ff ./Core/Src/system_stm32f1xx.o
 .debug_line    0x0000000000003e5f      0x70d ./Core/Src/traffic_light.o
 .debug_line    0x000000000000456c       0x86 ./Core/Startup/startup_stm32f103c6ux.o
 .debug_line    0x00000000000045f2      0x92c ./Drivers/STM32F1xx_HAL_Driver/Src/stm32f1xx_hal.o
 .debug_line    0x0000000000004f1e      0xb14 ./Drivers/STM32F1xx_HAL_Driver/Src/stm32f1xx_hal_cortex.o
 .debug_line    0x0000000000005a32      0x9af ./Drivers/STM32F1xx_HAL_Driver/Src/stm32f1xx_hal_gpio.o
 .debug_line    0x00000000000063e1      0xd38 ./Drivers/STM32F1xx_HAL_Driver/Src/stm32f1xx_hal_rcc.o
 .debug_line    0x0000000000007119     0x337d ./Drivers/STM32F1xx_HAL_Driver/Src/stm32f1xx_hal_tim.o
 .debug_line    0x000000000000a496     0x1842 ./Drivers/STM32F1xx_HAL_Driver/Src/stm32f1xx_hal_tim_ex.o

.debug_str      0x0000000000000000    0x82453
 .debug_str     0x0000000000000000    0x7f804 ./Core/Src/button.o
                                      0x7fb7f (size before relaxing)
 .debug_str     0x000000000007f804      0x1e3 ./Core/Src/fsm_automatic.o
                                      0x7fc74 (size before relaxing)
 .debug_str     0x000000000007f9e7       0x49 ./Core/Src/fsm_manual.o
                                      0x7fc38 (size before relaxing)
 .debug_str     0x000000000007fa30       0x15 ./Core/Src/global.o
                                       0x2e5d (size before relaxing)
 .debug_str     0x000000000007fa45       0x4b ./Core/Src/led7_segment.o
                                      0x7fae8 (size before relaxing)
 .debug_str     0x000000000007fa90      0x6df ./Core/Src/main.o
                                      0x803d8 (size before relaxing)
 .debug_str     0x000000000008016f       0x48 ./Core/Src/software_timer.o
                                       0x2dd6 (size before relaxing)
 .debug_str     0x00000000000801b7      0x2ba ./Core/Src/stm32f1xx_hal_msp.o
                                      0x80277 (size before relaxing)
 .debug_str     0x0000000000080471       0xcd ./Core/Src/stm32f1xx_it.o
                                      0x7ffd9 (size before relaxing)
 .debug_str     0x000000000008053e       0x52 ./Core/Src/system_stm32f1xx.o
                                      0x7f75a (size before relaxing)
 .debug_str     0x0000000000080590       0x4a ./Core/Src/traffic_light.o
                                      0x7fae3 (size before relaxing)
 .debug_str     0x00000000000805da       0x36 ./Core/Startup/startup_stm32f103c6ux.o
                                         0x4e (size before relaxing)
 .debug_str     0x0000000000080610      0x304 ./Drivers/STM32F1xx_HAL_Driver/Src/stm32f1xx_hal.o
                                      0x7fdb1 (size before relaxing)
 .debug_str     0x0000000000080914      0x300 ./Drivers/STM32F1xx_HAL_Driver/Src/stm32f1xx_hal_cortex.o
                                      0x7fdb9 (size before relaxing)
 .debug_str     0x0000000000080c14      0x324 ./Drivers/STM32F1xx_HAL_Driver/Src/stm32f1xx_hal_gpio.o
                                      0x7fb1e (size before relaxing)
 .debug_str     0x0000000000080f38      0x24f ./Drivers/STM32F1xx_HAL_Driver/Src/stm32f1xx_hal_rcc.o
                                      0x7fb57 (size before relaxing)
 .debug_str     0x0000000000081187      0xdde ./Drivers/STM32F1xx_HAL_Driver/Src/stm32f1xx_hal_tim.o
                                      0x80b40 (size before relaxing)
 .debug_str     0x0000000000081f65      0x4ee ./Drivers/STM32F1xx_HAL_Driver/Src/stm32f1xx_hal_tim_ex.o
                                      0x802e1 (size before relaxing)

.comment        0x0000000000000000       0x53
 .comment       0x0000000000000000       0x53 ./Core/Src/button.o
                                         0x54 (size before relaxing)
 .comment       0x0000000000000053       0x54 ./Core/Src/fsm_automatic.o
 .comment       0x0000000000000053       0x54 ./Core/Src/fsm_manual.o
 .comment       0x0000000000000053       0x54 ./Core/Src/global.o
 .comment       0x0000000000000053       0x54 ./Core/Src/led7_segment.o
 .comment       0x0000000000000053       0x54 ./Core/Src/main.o
 .comment       0x0000000000000053       0x54 ./Core/Src/software_timer.o
 .comment       0x0000000000000053       0x54 ./Core/Src/stm32f1xx_hal_msp.o
 .comment       0x0000000000000053       0x54 ./Core/Src/stm32f1xx_it.o
 .comment       0x0000000000000053       0x54 ./Core/Src/system_stm32f1xx.o
 .comment       0x0000000000000053       0x54 ./Core/Src/traffic_light.o
 .comment       0x0000000000000053       0x54 ./Drivers/STM32F1xx_HAL_Driver/Src/stm32f1xx_hal.o
 .comment       0x0000000000000053       0x54 ./Drivers/STM32F1xx_HAL_Driver/Src/stm32f1xx_hal_cortex.o
 .comment       0x0000000000000053       0x54 ./Drivers/STM32F1xx_HAL_Driver/Src/stm32f1xx_hal_gpio.o
 .comment       0x0000000000000053       0x54 ./Drivers/STM32F1xx_HAL_Driver/Src/stm32f1xx_hal_rcc.o
 .comment       0x0000000000000053       0x54 ./Drivers/STM32F1xx_HAL_Driver/Src/stm32f1xx_hal_tim.o
 .comment       0x0000000000000053       0x54 ./Drivers/STM32F1xx_HAL_Driver/Src/stm32f1xx_hal_tim_ex.o

.debug_frame    0x0000000000000000     0x29b4
 .debug_frame   0x0000000000000000       0x5c ./Core/Src/button.o
 .debug_frame   0x000000000000005c       0xa0 ./Core/Src/fsm_automatic.o
 .debug_frame   0x00000000000000fc       0x4c ./Core/Src/fsm_manual.o
 .debug_frame   0x0000000000000148      0x168 ./Core/Src/led7_segment.o
 .debug_frame   0x00000000000002b0       0xd4 ./Core/Src/main.o
 .debug_frame   0x0000000000000384       0x88 ./Core/Src/software_timer.o
 .debug_frame   0x000000000000040c       0x80 ./Core/Src/stm32f1xx_hal_msp.o
 .debug_frame   0x000000000000048c      0x120 ./Core/Src/stm32f1xx_it.o
 .debug_frame   0x00000000000005ac       0x58 ./Core/Src/system_stm32f1xx.o
 .debug_frame   0x0000000000000604       0xb8 ./Core/Src/traffic_light.o
 .debug_frame   0x00000000000006bc      0x334 ./Drivers/STM32F1xx_HAL_Driver/Src/stm32f1xx_hal.o
 .debug_frame   0x00000000000009f0      0x428 ./Drivers/STM32F1xx_HAL_Driver/Src/stm32f1xx_hal_cortex.o
 .debug_frame   0x0000000000000e18      0x14c ./Drivers/STM32F1xx_HAL_Driver/Src/stm32f1xx_hal_gpio.o
 .debug_frame   0x0000000000000f64      0x218 ./Drivers/STM32F1xx_HAL_Driver/Src/stm32f1xx_hal_rcc.o
 .debug_frame   0x000000000000117c     0x11b4 ./Drivers/STM32F1xx_HAL_Driver/Src/stm32f1xx_hal_tim.o
 .debug_frame   0x0000000000002330      0x638 ./Drivers/STM32F1xx_HAL_Driver/Src/stm32f1xx_hal_tim_ex.o
 .debug_frame   0x0000000000002968       0x2c d:/hcmut/vxl/stm32cubeide_1.7.0/stm32cubeide/plugins/com.st.stm32cube.ide.mcu.externaltools.gnu-tools-for-stm32.9-2020-q2-update.win32_2.0.0.202105311346/tools/bin/../lib/gcc/arm-none-eabi/9.3.1/../../../../arm-none-eabi/lib/thumb/v7-m/nofp\libc_nano.a(lib_a-init.o)
 .debug_frame   0x0000000000002994       0x20 d:/hcmut/vxl/stm32cubeide_1.7.0/stm32cubeide/plugins/com.st.stm32cube.ide.mcu.externaltools.gnu-tools-for-stm32.9-2020-q2-update.win32_2.0.0.202105311346/tools/bin/../lib/gcc/arm-none-eabi/9.3.1/../../../../arm-none-eabi/lib/thumb/v7-m/nofp\libc_nano.a(lib_a-memset.o)
